2026-09-26 00:32:57,021 [INFO] ======================================================================
2026-09-26 00:32:57,021 [INFO] Phase 1: Internet Archive Bulk Full-Text Download
2026-09-26 00:32:57,021 [INFO] ======================================================================
2026-09-26 00:32:57,109 [INFO] Loading cached IA identifiers...
2026-09-26 00:32:57,124 [INFO] Loaded 21328 cached identifiers
2026-09-26 00:33:16,588 [INFO] Queue: 21292 MANDATORY | 20191 by division | 955 other = 21292 total
2026-09-26 00:33:16,588 [INFO] 
Downloading 21292 standards (mandatory first)...

2026-09-26 00:33:16,588 [INFO] [1/21292] [MANDATORY] IS 10141 → gov.in.is.10141.2001
2026-09-26 00:33:21,430 [INFO]   OK 28.5KB -> IS_10141.txt
2026-09-26 00:33:21,430 [INFO] [2/21292] [MANDATORY] IS 10146 → gov.in.is.10146.1982
2026-09-26 00:33:24,921 [INFO]   OK 26.2KB -> IS_10146.txt
2026-09-26 00:33:24,921 [INFO] [3/21292] [MANDATORY] IS 10151 → gov.in.is.10151.2019
2026-09-26 00:33:29,471 [INFO]   OK 42.4KB -> IS_10151.txt
2026-09-26 00:33:29,472 [INFO] [4/21292] [MANDATORY] IS 10151 → gov.in.is.10151.2019
2026-09-26 00:33:32,832 [INFO]   OK 42.4KB -> IS_10151.txt
2026-09-26 00:33:32,833 [INFO] [5/21292] [MANDATORY] IS 1079 → gov.in.is.1079.2017
2026-09-26 00:33:36,996 [INFO]   OK 23.0KB -> IS_1079.txt
2026-09-26 00:33:36,996 [INFO] [6/21292] [MANDATORY] IS 1079 → gov.in.is.1079.2017
2026-09-26 00:33:39,869 [INFO]   OK 23.0KB -> IS_1079.txt
2026-09-26 00:33:39,869 [INFO] [7/21292] [MANDATORY] IS 11226 → gov.in.is.11226.1993
2026-09-26 00:33:43,795 [INFO]   OK 48.1KB -> IS_11226.txt
2026-09-26 00:33:43,795 [INFO] [8/21292] [MANDATORY] IS 1161 → gov.in.is.1161.2014
2026-09-26 00:33:47,494 [INFO]   OK 20.7KB -> IS_1161.txt
2026-09-26 00:33:47,494 [INFO] [9/21292] [MANDATORY] IS 1161 → gov.in.is.1161.2014
2026-09-26 00:33:50,791 [INFO]   OK 20.7KB -> IS_1161.txt
2026-09-26 00:33:50,791 [INFO] [10/21292] [MANDATORY] IS 1180 (PART 1) → gov.in.is.1180.3.2021
2026-09-26 00:33:54,866 [INFO]   OK 73.4KB -> IS_1180__PART_1_.txt
2026-09-26 00:33:54,866 [INFO] [11/21292] [MANDATORY] IS 1180 (PART 1) → gov.in.is.1180.3.2021
2026-09-26 00:33:58,243 [INFO]   OK 73.4KB -> IS_1180__PART_1_.txt
2026-09-26 00:33:58,244 [INFO] [12/21292] [MANDATORY] IS 12269 → gov.in.is.12269.2013
2026-09-26 00:34:01,797 [INFO]   OK 40.8KB -> IS_12269.txt
2026-09-26 00:34:01,798 [INFO] [13/21292] [MANDATORY] IS 12269 → gov.in.is.12269.2013
2026-09-26 00:34:04,164 [INFO]   OK 40.8KB -> IS_12269.txt
2026-09-26 00:34:04,165 [INFO] [14/21292] [MANDATORY] IS 12269 → gov.in.is.12269.2013
2026-09-26 00:34:06,848 [INFO]   OK 40.8KB -> IS_12269.txt
2026-09-26 00:34:06,849 [INFO] [15/21292] [MANDATORY] IS 1239 (PART 1) → gov.in.is.1239.2.2011
2026-09-26 00:34:09,798 [INFO]   OK 51.6KB -> IS_1239__PART_1_.txt
2026-09-26 00:34:09,799 [INFO] [16/21292] [MANDATORY] IS 1239 (PART 1) → gov.in.is.1239.2.2011
2026-09-26 00:34:13,187 [INFO]   OK 51.6KB -> IS_1239__PART_1_.txt
2026-09-26 00:34:13,188 [INFO] [17/21292] [MANDATORY] IS 1239 (PART 2) → gov.in.is.1239.2.2011
2026-09-26 00:34:16,475 [INFO]   OK 51.6KB -> IS_1239__PART_2_.txt
2026-09-26 00:34:16,476 [INFO] [18/21292] [MANDATORY] IS 12640 (PART 1) → gov.in.is.12640.1.2008
2026-09-26 00:34:20,618 [INFO]   OK 229.4KB -> IS_12640__PART_1_.txt
2026-09-26 00:34:20,619 [INFO] [19/21292] [MANDATORY] IS 1293 → gov.in.is.1293.2005
2026-09-26 00:34:24,982 [INFO]   OK 233.3KB -> IS_1293.txt
2026-09-26 00:34:24,982 [INFO] [20/21292] [MANDATORY] IS 13252 (PART 1) → gov.in.is.13252.1.2010
2026-09-26 00:34:28,698 [INFO]   OK 706.8KB -> IS_13252__PART_1_.txt
2026-09-26 00:34:28,699 [INFO] [21/21292] [MANDATORY] IS 1363 (PART 1) → gov.in.is.1363.1.2002
2026-09-26 00:34:46,489 [INFO]   OK 29.3KB -> IS_1363__PART_1_.txt
2026-09-26 00:34:46,489 [INFO] [22/21292] [MANDATORY] IS 1363 (PART 2) → gov.in.is.1363.2.2002
2026-09-26 00:34:50,311 [INFO]   OK 22.6KB -> IS_1363__PART_2_.txt
2026-09-26 00:34:50,312 [INFO] [23/21292] [MANDATORY] IS 1363 (PART 3) → gov.in.is.1363.3.2002
2026-09-26 00:34:53,820 [INFO]   OK 18.1KB -> IS_1363__PART_3_.txt
2026-09-26 00:34:53,821 [INFO] [24/21292] [MANDATORY] IS 13630 → gov.in.is.13630.1.2019
2026-09-26 00:34:57,840 [INFO]   OK 24.5KB -> IS_13630.txt
2026-09-26 00:34:57,840 [INFO] [25/21292] [MANDATORY] IS 1364 (PART 1) → gov.in.is.1364.4.2003
2026-09-26 00:35:02,026 [INFO]   OK 21.0KB -> IS_1364__PART_1_.txt
2026-09-26 00:35:02,026 [INFO] [26/21292] [MANDATORY] IS 1364 (PART 2) → gov.in.is.1364.4.2003
2026-09-26 00:35:04,242 [INFO]   OK 21.0KB -> IS_1364__PART_2_.txt
2026-09-26 00:35:04,242 [INFO] [27/21292] [MANDATORY] IS 1364 (PART 3) → gov.in.is.1364.4.2003
2026-09-26 00:35:07,140 [INFO]   OK 21.0KB -> IS_1364__PART_3_.txt
2026-09-26 00:35:07,140 [INFO] [28/21292] [MANDATORY] IS 1367 (PART 1) → gov.in.is.1367.17.2005
2026-09-26 00:35:10,945 [INFO]   OK 49.7KB -> IS_1367__PART_1_.txt
2026-09-26 00:35:10,945 [INFO] [29/21292] [MANDATORY] IS 1367 (PART 3) → gov.in.is.1367.17.2005
2026-09-26 00:35:13,510 [INFO]   OK 49.7KB -> IS_1367__PART_3_.txt
2026-09-26 00:35:13,511 [INFO] [30/21292] [MANDATORY] IS 13779 → gov.in.is.13779.2020
2026-09-26 00:35:17,707 [INFO]   OK 97.9KB -> IS_13779.txt
2026-09-26 00:35:17,707 [INFO] [31/21292] [MANDATORY] IS 13779 → gov.in.is.13779.2020
2026-09-26 00:35:20,884 [INFO]   OK 97.9KB -> IS_13779.txt
2026-09-26 00:35:20,885 [INFO] [32/21292] [MANDATORY] IS 1391 (PART 1) → gov.in.is.1391.1.2023
2026-09-26 00:35:25,331 [INFO]   OK 129.2KB -> IS_1391__PART_1_.txt
2026-09-26 00:35:25,332 [INFO] [33/21292] [MANDATORY] IS 1391 (PART 1) → gov.in.is.1391.1.2023
2026-09-26 00:35:28,323 [INFO]   OK 129.2KB -> IS_1391__PART_1_.txt
2026-09-26 00:35:28,323 [INFO] [34/21292] [MANDATORY] IS 1391 (PART 2) → gov.in.is.1391.2.2023
2026-09-26 00:35:32,682 [INFO]   OK 132.8KB -> IS_1391__PART_2_.txt
2026-09-26 00:35:32,682 [INFO] [35/21292] [MANDATORY] IS 1391 (PART 2) → gov.in.is.1391.2.2023
2026-09-26 00:35:37,096 [INFO]   OK 132.8KB -> IS_1391__PART_2_.txt
2026-09-26 00:35:37,096 [INFO] [36/21292] [MANDATORY] IS 1417 → gov.in.is.1417.2016
2026-09-26 00:35:40,892 [INFO]   OK 11.4KB -> IS_1417.txt
2026-09-26 00:35:40,893 [INFO] [37/21292] [MANDATORY] IS 1417 → gov.in.is.1417.2016
2026-09-26 00:35:44,104 [INFO]   OK 11.4KB -> IS_1417.txt
2026-09-26 00:35:44,104 [INFO] [38/21292] [MANDATORY] IS 14286 → gov.in.is.14286.2010
2026-09-26 00:35:48,223 [INFO]   OK 108.7KB -> IS_14286.txt
2026-09-26 00:35:48,224 [INFO] [39/21292] [MANDATORY] IS 14756 → gov.in.is.14756.2022
2026-09-26 00:35:52,375 [INFO]   OK 23.6KB -> IS_14756.txt
2026-09-26 00:35:52,375 [INFO] [40/21292] [MANDATORY] IS 14756 → gov.in.is.14756.2022
2026-09-26 00:35:55,649 [INFO]   OK 23.6KB -> IS_14756.txt
2026-09-26 00:35:55,649 [INFO] [41/21292] [MANDATORY] IS 1476 (PART 1) → gov.in.is.1476.1.2000
2026-09-26 00:35:59,796 [INFO]   OK 80.4KB -> IS_1476__PART_1_.txt
2026-09-26 00:35:59,796 [INFO] [42/21292] [MANDATORY] IS 1489 (PART 1) → gov.in.is.1489.1.2015
2026-09-26 00:36:03,061 [INFO]   OK 32.8KB -> IS_1489__PART_1_.txt
2026-09-26 00:36:03,061 [INFO] [43/21292] [MANDATORY] IS 1489 (PART 1) → gov.in.is.1489.1.2015
2026-09-26 00:36:05,981 [INFO]   OK 32.8KB -> IS_1489__PART_1_.txt
2026-09-26 00:36:05,981 [INFO] [44/21292] [MANDATORY] IS 1489 (PART 2) → gov.in.is.1489.2.2015
2026-09-26 00:36:10,051 [INFO]   OK 33.2KB -> IS_1489__PART_2_.txt
2026-09-26 00:36:10,051 [INFO] [45/21292] [MANDATORY] IS 1489 (PART 2) → gov.in.is.1489.2.2015
2026-09-26 00:36:13,139 [INFO]   OK 33.2KB -> IS_1489__PART_2_.txt
2026-09-26 00:36:13,139 [INFO] [46/21292] [MANDATORY] IS 15111 (PART 1) → gov.in.is.15111.1.2002
2026-09-26 00:36:16,897 [INFO]   OK 29.3KB -> IS_15111__PART_1_.txt
2026-09-26 00:36:16,897 [INFO] [47/21292] [MANDATORY] IS 15298 (PART 2) → gov.in.is.15298.2.2011
2026-09-26 00:36:20,941 [INFO]   OK 56.1KB -> IS_15298__PART_2_.txt
2026-09-26 00:36:20,942 [INFO] [48/21292] [MANDATORY] IS 15644 → gov.in.is.15644.2006
2026-09-26 00:36:24,106 [INFO]   OK 74.3KB -> IS_15644.txt
2026-09-26 00:36:24,106 [INFO] [49/21292] [MANDATORY] IS 15683 → gov.in.is.15683.2018
2026-09-26 00:36:28,220 [INFO]   OK 90.5KB -> IS_15683.txt
2026-09-26 00:36:28,220 [INFO] [50/21292] [MANDATORY] IS 15683 → gov.in.is.15683.2018
2026-09-26 00:36:31,352 [INFO]   OK 90.5KB -> IS_15683.txt
2026-09-26 00:36:31,674 [INFO] Master catalog updated: 50 standards marked fulltext_available=True
2026-09-26 00:36:31,674 [INFO] 
--- Checkpoint at 50: 50 downloaded, 0 failed ---

2026-09-26 00:36:31,674 [INFO] [51/21292] [MANDATORY] IS 15844 (PART 1) → gov.in.is.15844.1.2023
2026-09-26 00:36:35,698 [INFO]   OK 121.6KB -> IS_15844__PART_1_.txt
2026-09-26 00:36:35,698 [INFO] [52/21292] [MANDATORY] IS 15844 (PART 2) → gov.in.is.15844.2.2023
2026-09-26 00:36:38,198 [INFO]   OK 30.3KB -> IS_15844__PART_2_.txt
2026-09-26 00:36:38,199 [INFO] [53/21292] [MANDATORY] IS 16018 → gov.in.is.16018.2012
2026-09-26 00:36:42,962 [INFO]   OK 75.6KB -> IS_16018.txt
2026-09-26 00:36:42,962 [INFO] [54/21292] [MANDATORY] IS 16049 → gov.in.is.16049.2013
2026-09-26 00:36:46,909 [INFO]   OK 27.7KB -> IS_16049.txt
2026-09-26 00:36:46,910 [INFO] [55/21292] [MANDATORY] IS 16102 (PART 1) → gov.in.is.16102.2.2017
2026-09-26 00:36:50,439 [INFO]   OK 55.7KB -> IS_16102__PART_1_.txt
2026-09-26 00:36:50,439 [INFO] [56/21292] [MANDATORY] IS 16102 (PART 2) → gov.in.is.16102.2.2017
2026-09-26 00:36:53,595 [INFO]   OK 55.7KB -> IS_16102__PART_2_.txt
2026-09-26 00:36:53,595 [INFO] [57/21292] [MANDATORY] IS 16102 (PART 2) → gov.in.is.16102.2.2017
2026-09-26 00:36:56,835 [INFO]   OK 55.7KB -> IS_16102__PART_2_.txt
2026-09-26 00:36:56,836 [INFO] [58/21292] [MANDATORY] IS 16107 (PART 1) → gov.in.is.16107.2.2.2017
2026-09-26 00:37:00,479 [INFO]   OK 37.9KB -> IS_16107__PART_1_.txt
2026-09-26 00:37:00,479 [INFO] [59/21292] [MANDATORY] IS 16270 → gov.in.is.16270.2014
