2026-09-26 00:33:31,094 [INFO] ======================================================================
2026-09-26 00:33:31,094 [INFO] Phase 3: BIS Catalogue Metadata Enricher
2026-09-26 00:33:31,094 [INFO] ======================================================================
2026-09-26 00:33:31,198 [INFO] Catalog size: 21992 standards
2026-09-26 00:33:31,198 [INFO] Already enriched: 0
2026-09-26 00:33:31,198 [INFO] Cache size: 0
2026-09-26 00:34:59,348 [INFO] Progress: 100/21992 | Enriched: 101 this run
2026-09-26 00:36:05,926 [INFO] Progress: 200/21992 | Enriched: 100 this run
2026-09-26 00:37:09,852 [INFO] Progress: 300/21992 | Enriched: 100 this run
2026-09-26 00:38:50,780 [INFO] Progress: 400/21992 | Enriched: 100 this run
2026-09-26 00:39:51,741 [INFO] Progress: 500/21992 | Enriched: 100 this run
2026-09-26 00:40:10,193 [INFO] ======================================================================
2026-09-26 00:40:10,193 [INFO] Phase 3: BIS Catalogue Metadata Enricher
2026-09-26 00:40:10,193 [INFO] ======================================================================
2026-09-26 00:40:10,280 [INFO] Catalog size: 21992 standards
2026-09-26 00:40:10,280 [INFO] Already enriched: 501
2026-09-26 00:40:10,280 [INFO] Cache size: 381
2026-09-26 00:41:08,856 [INFO] Progress: 600/21992 | Enriched: 100 this run
2026-09-26 00:41:18,789 [INFO] Progress: 600/21992 | Enriched: 100 this run
2026-09-26 00:42:29,415 [INFO] Progress: 700/21992 | Enriched: 100 this run
2026-09-26 00:42:36,050 [INFO] Progress: 700/21992 | Enriched: 100 this run
2026-09-26 00:43:40,420 [INFO] Progress: 800/21992 | Enriched: 100 this run
2026-09-26 00:43:57,718 [INFO] Progress: 800/21992 | Enriched: 100 this run
